<html>
<body>
<pre>
<h1>µVision Build Log</h1>
<h2>Tool Versions:</h2>
IDE-Version: µVision V5.38.0.0
Copyright (C) 2022 ARM Ltd and ARM Germany GmbH. All rights reserved.
License Information: Huy Nguyen, VAMK, LIC=----
 
Tool Versions:
Toolchain:       MDK-Lite  Version: 5.38.0.0
Toolchain Path:  C:\Keil_v5\ARM\Bin
C Compiler:      Armcc.exe V5.03 [Build 24]
Assembler:       Armasm.exe V5.03.0.24 [Evaluation]
Linker/Locator:  ArmLink.exe V5.03.0.24 [Evaluation]
Library Manager: ArmAr.exe V5.03.0.24 [Evaluation]
Hex Converter:   FromElf.exe V5.03.0.24 [Evaluation]
CPU DLL:         SARMCM3.DLL V5.38.0.0
Dialog DLL:      DCM.DLL V1.17.5.0
Target DLL:      STLink\ST-LINKIII-KEIL_SWO.dll V3.1.0.0
Dialog DLL:      TCM.DLL V1.56.4.0
 
<h2>Project:</h2>
G:\stm32\IoT_IOBox-master\MDK-ARM\TMA_modbus.uvprojx
Project File Date:  04/08/2023

<h2>Output:</h2>
*** Using Compiler 'V5.03 [Build 24]', folder: 'C:\Keil_v5\ARM\Bin'
Build target 'TMA_modbus'
assembling startup_stm32f446xx.s...
compiling stm32f4xx_hal_tim.c...
compiling main.c...
..\lib\modbus.h(35): warning:  #1-D: last line of file ends without a newline
  #endif
../Core/Src/main.c(147): warning:  #940-D: missing return statement at end of non-void function "getValue"
  }
../Core/Src/main.c(340): warning:  #188-D: enumerated type mixed with another type
  				HAL_GPIO_WritePin(GPIOA,GPIO_PIN_15,slave->msg[4]&1);
../Core/Src/main.c(343): warning:  #188-D: enumerated type mixed with another type
  				HAL_GPIO_WritePin(GPIOC,GPIO_PIN_10,slave->msg[4]&1);
../Core/Src/main.c(346): warning:  #188-D: enumerated type mixed with another type
  				HAL_GPIO_WritePin(GPIOC,GPIO_PIN_11,slave->msg[4]&1);
../Core/Src/main.c(349): warning:  #188-D: enumerated type mixed with another type
  				HAL_GPIO_WritePin(GPIOC,GPIO_PIN_12,slave->msg[4]&1);
../Core/Src/main.c(352): warning:  #188-D: enumerated type mixed with another type
  				HAL_GPIO_WritePin(GPIOD,GPIO_PIN_2,slave->msg[4]&1);
../Core/Src/main.c(355): warning:  #188-D: enumerated type mixed with another type
  				HAL_GPIO_WritePin(GPIOB,GPIO_PIN_3,slave->msg[4]&1);
../Core/Src/main.c(358): warning:  #188-D: enumerated type mixed with another type
  				HAL_GPIO_WritePin(GPIOB,GPIO_PIN_4,slave->msg[4]&1);
../Core/Src/main.c(361): warning:  #188-D: enumerated type mixed with another type
  				HAL_GPIO_WritePin(GPIOB,GPIO_PIN_5,slave->msg[4]&1);
../Core/Src/main.c(364): warning:  #188-D: enumerated type mixed with another type
  				HAL_GPIO_WritePin(GPIOB,GPIO_PIN_6,slave->msg[4]&1);
../Core/Src/main.c(367): warning:  #188-D: enumerated type mixed with another type
  				HAL_GPIO_WritePin(GPIOB,GPIO_PIN_7,slave->msg[4]&1);
../Core/Src/main.c(370): warning:  #188-D: enumerated type mixed with another type
  				HAL_GPIO_WritePin(GPIOB,GPIO_PIN_8,slave->msg[4]&1);
../Core/Src/main.c(373): warning:  #188-D: enumerated type mixed with another type
  				HAL_GPIO_WritePin(GPIOB,GPIO_PIN_9,slave->msg[4]&1);
../Core/Src/main.c(376): warning:  #188-D: enumerated type mixed with another type
  				HAL_GPIO_WritePin(GPIOC,GPIO_PIN_13,slave->msg[4]&1);
../Core/Src/main.c(379): warning:  #188-D: enumerated type mixed with another type
  				HAL_GPIO_WritePin(GPIOC,GPIO_PIN_0,slave->msg[4]&1);
../Core/Src/main.c(382): warning:  #188-D: enumerated type mixed with another type
  				HAL_GPIO_WritePin(GPIOC,GPIO_PIN_1,slave->msg[4]&1);
../Core/Src/main.c(385): warning:  #188-D: enumerated type mixed with another type
  				HAL_GPIO_WritePin(GPIOC,GPIO_PIN_2,slave->msg[4]&1);
../Core/Src/main.c: 18 warnings, 0 errors
compiling stm32f4xx_hal_gpio.c...
compiling stm32f4xx_hal_tim_ex.c...
compiling stm32f4xx_hal_msp.c...
compiling stm32f4xx_hal_uart.c...
compiling stm32f4xx_it.c...
compiling stm32f4xx_hal_dma_ex.c...
compiling stm32f4xx_hal_rcc.c...
compiling stm32f4xx_hal_dma.c...
compiling stm32f4xx_hal_flash_ramfunc.c...
compiling stm32f4xx_hal_pwr.c...
compiling stm32f4xx_hal_flash_ex.c...
compiling stm32f4xx_hal_flash.c...
compiling stm32f4xx_hal_rcc_ex.c...
compiling stm32f4xx_hal_pwr_ex.c...
compiling stm32f4xx_hal_exti.c...
compiling system_stm32f4xx.c...
compiling stm32f4xx_hal_cortex.c...
compiling stm32f4xx_hal.c...
linking...
Program Size: Code=7222 RO-data=1022 RW-data=32 ZI-data=2280  
FromELF: creating hex file...
"TMA_modbus\TMA_modbus.axf" - 0 Error(s), 18 Warning(s).

<h2>Software Packages used:</h2>

Package Vendor: ARM
                http://www.keil.com/pack/ARM.CMSIS.5.9.0.pack
                ARM.CMSIS.5.9.0
                CMSIS (Common Microcontroller Software Interface Standard)
   * Component: CORE Version: 5.6.0

Package Vendor: Keil
                http://www.keil.com/pack/Keil.STM32F4xx_DFP.2.16.0.pack
                Keil.STM32F4xx_DFP.2.16.0
                STMicroelectronics STM32F4 Series Device Support, Drivers and Examples

<h2>Collection of Component include folders:</h2>
  ./RTE/_TMA_modbus
  C:/Users/dyden/AppData/Local/Arm/Packs/ARM/CMSIS/5.9.0/CMSIS/Core/Include
  C:/Users/dyden/AppData/Local/Arm/Packs/Keil/STM32F4xx_DFP/2.16.0/Drivers/CMSIS/Device/ST/STM32F4xx/Include

<h2>Collection of Component Files used:</h2>

   * Component: ARM::CMSIS:CORE:5.6.0
      Include file:  CMSIS/Core/Include/tz_context.h
Build Time Elapsed:  00:00:08
</pre>
</body>
</html>
